#-----------------------------------------------------------
# Webtalk v2016.2 (64-bit)
# SW Build 1577090 on Thu Jun  2 16:32:35 MDT 2016
# IP Build 1577682 on Fri Jun  3 12:00:54 MDT 2016
# Start of session at: Wed Aug 24 16:28:16 2016
# Process ID: 4978
# Current directory: /home/micron/OriginalStreamLoopback128/firmware/M510_KU060_StreamLoopback128/M510_KU060_StreamLoopback128.sim/sim_1/behav
# Command line: wbtcv -mode batch -source /home/micron/OriginalStreamLoopback128/firmware/M510_KU060_StreamLoopback128/M510_KU060_StreamLoopback128.sim/sim_1/behav/xsim.dir/Pico_Toplevel_behav/webtalk/xsim_webtalk.tcl -notrace
# Log file: /home/micron/OriginalStreamLoopback128/firmware/M510_KU060_StreamLoopback128/M510_KU060_StreamLoopback128.sim/sim_1/behav/webtalk.log
# Journal file: /home/micron/OriginalStreamLoopback128/firmware/M510_KU060_StreamLoopback128/M510_KU060_StreamLoopback128.sim/sim_1/behav/webtalk.jou
#-----------------------------------------------------------
source /home/micron/OriginalStreamLoopback128/firmware/M510_KU060_StreamLoopback128/M510_KU060_StreamLoopback128.sim/sim_1/behav/xsim.dir/Pico_Toplevel_behav/webtalk/xsim_webtalk.tcl -notrace
